---
source: src/ws/messages.rs
expression: value
---
{
  "displayName": "Alice",
  "id": "123"
}
