---
source: src/ws/messages.rs
expression: value
---
{
  "display_name": "Alice",
  "id": "123",
  "trace_id": "[trace_id]"
}
