---
source: src/ws/messages.rs
assertion_line: 94
expression: value
---
{
  "displayName": "Alice",
  "id": "123",
  "traceId": "00000000-0000-0000-0000-000000000000"
}
